// Vitest Snapshot v1, https://vitest.dev/guide/snapshot.html

exports[`AssessmentDocument > round-trips structured JSON and renders the stable Markdown contract 1`] = `
"## 課程敘述語

### 【證據有限】

**進程辨識線索**：
- **👀 課堂行為特徵**：證據有限學生會檢查觀察紀錄，並說明自己採用的判斷依據。
- **🗣️ 言語表達特徵**：我會先比較資料，再決定哪些證據支持目前的解釋。
- **🏠 生活情境投射**：面對食品保存爭議時，能查看日期、照片與環境紀錄再判斷。

**學生內在思考**：
- **🧠 學習動機與價值觀**：我想知道自己的判斷是否有可靠證據，而不是只靠直覺。
- **🌧️ 情緒與痛點**：當資料互相矛盾時容易猶豫，期待有明確的比較步驟。

**教學引導與鷹架**：
- **🔑 關鍵活動設計**：用兩筆相反紀錄完成證據排序，寫出選擇與一項限制。
- **🧰 輔助鷹架**：使用「主張、證據、理由、限制」四欄檢核表逐項確認。
- **💬 引導對話**：哪一筆紀錄最能支持你的判斷，還缺什麼才能更確定？

### 【萌芽】

**進程辨識線索**：
- **👀 課堂行為特徵**：萌芽學生會檢查觀察紀錄，並說明自己採用的判斷依據。
- **🗣️ 言語表達特徵**：我會先比較資料，再決定哪些證據支持目前的解釋。
- **🏠 生活情境投射**：面對食品保存爭議時，能查看日期、照片與環境紀錄再判斷。

**學生內在思考**：
- **🧠 學習動機與價值觀**：我想知道自己的判斷是否有可靠證據，而不是只靠直覺。
- **🌧️ 情緒與痛點**：當資料互相矛盾時容易猶豫，期待有明確的比較步驟。

**教學引導與鷹架**：
- **🔑 關鍵活動設計**：用兩筆相反紀錄完成證據排序，寫出選擇與一項限制。
- **🧰 輔助鷹架**：使用「主張、證據、理由、限制」四欄檢核表逐項確認。
- **💬 引導對話**：哪一筆紀錄最能支持你的判斷，還缺什麼才能更確定？

### 【發展】

**進程辨識線索**：
- **👀 課堂行為特徵**：發展學生會檢查觀察紀錄，並說明自己採用的判斷依據。
- **🗣️ 言語表達特徵**：我會先比較資料，再決定哪些證據支持目前的解釋。
- **🏠 生活情境投射**：面對食品保存爭議時，能查看日期、照片與環境紀錄再判斷。

**學生內在思考**：
- **🧠 學習動機與價值觀**：我想知道自己的判斷是否有可靠證據，而不是只靠直覺。
- **🌧️ 情緒與痛點**：當資料互相矛盾時容易猶豫，期待有明確的比較步驟。

**教學引導與鷹架**：
- **🔑 關鍵活動設計**：用兩筆相反紀錄完成證據排序，寫出選擇與一項限制。
- **🧰 輔助鷹架**：使用「主張、證據、理由、限制」四欄檢核表逐項確認。
- **💬 引導對話**：哪一筆紀錄最能支持你的判斷，還缺什麼才能更確定？

### 【精熟】

**進程辨識線索**：
- **👀 課堂行為特徵**：精熟學生會檢查觀察紀錄，並說明自己採用的判斷依據。
- **🗣️ 言語表達特徵**：我會先比較資料，再決定哪些證據支持目前的解釋。
- **🏠 生活情境投射**：面對食品保存爭議時，能查看日期、照片與環境紀錄再判斷。

**學生內在思考**：
- **🧠 學習動機與價值觀**：我想知道自己的判斷是否有可靠證據，而不是只靠直覺。
- **🌧️ 情緒與痛點**：當資料互相矛盾時容易猶豫，期待有明確的比較步驟。

**教學引導與鷹架**：
- **🔑 關鍵活動設計**：用兩筆相反紀錄完成證據排序，寫出選擇與一項限制。
- **🧰 輔助鷹架**：使用「主張、證據、理由、限制」四欄檢核表逐項確認。
- **💬 引導對話**：哪一筆紀錄最能支持你的判斷，還缺什麼才能更確定？

## 課前：思維診斷

**【課前共用情境】**
在「食物保存與腐敗」相關的生活情境中，同一盒點心放在兩處後，大家要決定哪一盒較適合保留。
兩盒點心在同一天開始記錄，並由不同同學負責拍照與填寫時間。
大家事先約定以外觀第一次出現明顯變化的日期作為比較起點。
「每日照片」顯示兩盒外觀在不同日期出現變化；「放置時間紀錄」則顯示外觀改變的先後順序與照片不一致。兩份資訊在外觀變化日期與放置時間的先後順序不一致，目前又有「缺少環境資訊」的限制。你的任務是判斷哪一份紀錄較能支持目前的結論，並說明如何把想法化為行動、檢查結果與調整做法。

> **Q1. [概念理解題]**：「面對上述資料，第一步應查看哪一項基本證據來確認目前問題？」
> (A) 只依第一印象立刻決定
> (B) 查看單一紀錄後作出決定
> (C) 比較兩項紀錄再說明理由
> (D) 依共同標準比較並補充驗證
> **教師解析**：A: -1 (只憑直覺，沒有檢查基本證據)；B: +1 (開始引用資料，但未比較來源限制)；C: +2 (能交叉比較證據並提出合理依據)；D: +3 (能用規準整合證據，也規劃下一步查證)。

> **Q2. [行動應用題]**：「同一情境中的照片與時間紀錄不一致時，哪種比較方式最可靠？」
> (A) 只依第一印象立刻決定
> (B) 查看單一紀錄後作出決定
> (C) 比較兩項紀錄再說明理由
> (D) 依共同標準比較並補充驗證
> **教師解析**：A: +1 (只憑直覺，沒有檢查比較證據)；B: +2 (開始引用資料，但未比較來源限制)；C: +3 (能交叉比較證據並提出合理依據)；D: +4 (能用規準整合證據，也規劃下一步查證)。

> **Q3. [生活遷移題]**：「若下次遇到新的保存情境，應如何調整蒐證方式，使判斷更可靠？」
> (A) 只依第一印象立刻決定
> (B) 查看單一紀錄後作出決定
> (C) 比較兩項紀錄再說明理由
> (D) 依共同標準比較並補充驗證
> **教師解析**：A: +1 (只憑直覺，沒有檢查遷移證據)；B: +3 (開始引用資料，但未比較來源限制)；C: +5 (能交叉比較證據並提出合理依據)；D: +6 (能用規準整合證據，也規劃下一步查證)。

> **Q4. [引導式簡答題]**：請依序完成三個小步驟，讓老師了解你現在如何理解問題、把想法變成行動，以及能不能用到新的生活情況。
> **① 概念理解**
> **問題**：先用自己的話說明：這個情境真正要解決什麼問題？「每日照片」和「放置時間紀錄」各提供了什麼重要線索？
> **先看哪裡**：先說問題和兩個重要線索，不用猜老師想要的標準答案。
> **可以這樣開始**：我認為現在要解決的是＿＿；「＿＿」告訴我＿＿，而「＿＿」告訴我＿＿。
> **② 行動應用**
> **問題**：為了判斷哪一份紀錄較能支持目前的結論，你會用哪一個相同條件比較兩份資料？請再用外觀變化、放置時間、紀錄日期中的具體內容說明判斷理由。
> **先看哪裡**：把兩份資料放在同一條件下比較，理由要引用看得到的內容。
> **可以這樣開始**：我會用＿＿作為相同條件；照這個條件看，我判斷＿＿，因為資料中＿＿。
> **③ 生活遷移**
> **問題**：現在把同一個方法用到「食物保存與腐敗」的另一個生活情況。遇到「缺少環境資訊」時，你會調整哪個步驟？還要蒐集什麼結果或回饋，才能確認做法有效？
> **先看哪裡**：不要只換地點或人物；要寫出限制、調整的做法，以及確認結果的方法。
> **可以這樣開始**：在＿＿的生活情況中，如果遇到＿＿，我會把＿＿改成＿＿；之後用＿＿確認結果。
> （每題請用 1-2 句話回答。）
> **教師系統判讀建議**：
> **情境核對資料**：{"strategyId":"evidence_reason_revise","decisionTask":"判斷哪一份紀錄較能支持目前的結論","evidenceA":"每日照片","evidenceB":"放置時間紀錄","observationFocus":["外觀變化","放置時間","紀錄日期"],"constraint":"缺少環境資訊"}
> - **萌芽 → 發展｜已跨界證據**：學生能引用兩邊具體資料，使用相同條件比較，並用資料細節支持判斷理由。
> - **萌芽 → 發展｜尚未跨界訊號**：學生只指出資料不同或直接選一邊，沒有共同條件，理由仍停留在個人感覺。
> - **發展 → 精熟｜已跨界證據**：學生能指出資料或方法限制，提出可行補證方式，把判斷移到新情境並獨立確認。
> - **發展 → 精熟｜尚未跨界訊號**：學生只重複原本比較方式，或雖提出補充方法，卻沒有說明如何確認與修正。
> **教師進程判定標準**：
> - **證據有限 (Evidence Limited)**：只提出結論，未引用可檢查的證據或理由。
>   - **學生可能回答**：「我覺得照片看起來比較清楚，所以直接用照片判斷。」
> - **萌芽 (Emerging)**：能引用一項紀錄，但沒有比較資料分歧與限制。
>   - **學生可能回答**：「我看到照片和時間紀錄不一樣，但還不確定應該相信哪一個。」
> - **發展 (Developing)**：能使用共同標準比較多項證據，選擇較可信的資料並說明理由。
>   - **學生可能回答**：「我會先用相同日期比較照片和時間紀錄，再選擇記錄方式較完整的資料。」
> - **精熟 (Mastering)**：能指出資料或工具限制，調整方法、遷移到新情境並提出替代驗證。
>   - **學生可能回答**：「如果照片缺漏，我會改用每日文字紀錄並找另一份資料交叉比對，確認結果不只受單一來源影響。」

**【統計規格與總分落點標準】**
Q1–Q3 加總後，低分代表證據有限，中低分代表萌芽，中高分代表發展，高分代表精熟；教師需搭配 Q4 的證據、理由、限制與遷移表現綜合判讀。

## 課後：轉折遷移

**【課後共用情境】**
完成「反應速率 - 硫粒子生成實驗」後，學生回到「食物保存與腐敗」相關的生活情境：學生把課堂的比較方法用來判斷兩種食品保存方式。
兩組都沿用課堂的觀察表，但拍照角度與填寫時間並不完全相同。
這次要把課堂方法用在新的食品與保存位置上。
「手機計時」顯示兩種方式的變化時間相差不大；「照片變化」則顯示外觀變化的先後順序與計時結果不同。兩份資訊在變化時間與照片顯示的先後順序不一致，目前又有「比較標準失效」的限制。你的任務是判斷哪一份紀錄較能支持目前的結論，並說明如何把想法化為行動、檢查結果與調整做法。

> **Q1. [概念理解題]**：「面對上述資料，第一步應查看哪一項基本證據來確認目前問題？」
> (A) 只依第一印象立刻決定
> (B) 查看單一紀錄後作出決定
> (C) 比較兩項紀錄再說明理由
> (D) 依共同標準比較並補充驗證
> **教師解析**：A: -1 (只憑直覺，沒有檢查基本證據)；B: +1 (開始引用資料，但未比較來源限制)；C: +2 (能交叉比較證據並提出合理依據)；D: +3 (能用規準整合證據，也規劃下一步查證)。

> **Q2. [行動應用題]**：「同一情境中的照片與時間紀錄不一致時，哪種比較方式最可靠？」
> (A) 只依第一印象立刻決定
> (B) 查看單一紀錄後作出決定
> (C) 比較兩項紀錄再說明理由
> (D) 依共同標準比較並補充驗證
> **教師解析**：A: +1 (只憑直覺，沒有檢查比較證據)；B: +2 (開始引用資料，但未比較來源限制)；C: +3 (能交叉比較證據並提出合理依據)；D: +4 (能用規準整合證據，也規劃下一步查證)。

> **Q3. [生活遷移題]**：「若下次遇到新的保存情境，應如何調整蒐證方式，使判斷更可靠？」
> (A) 只依第一印象立刻決定
> (B) 查看單一紀錄後作出決定
> (C) 比較兩項紀錄再說明理由
> (D) 依共同標準比較並補充驗證
> **教師解析**：A: +1 (只憑直覺，沒有檢查遷移證據)；B: +3 (開始引用資料，但未比較來源限制)；C: +5 (能交叉比較證據並提出合理依據)；D: +6 (能用規準整合證據，也規劃下一步查證)。

> **Q4. [引導式簡答題]**：請依序完成三個小步驟，說明你從課程學懂什麼、實際會怎麼做，以及能不能把方法用到新的生活情況。
> **① 概念理解**
> **問題**：完成「反應速率 - 硫粒子生成實驗」後，哪一個課堂方法或概念能幫你判斷哪一份紀錄較能支持目前的結論？請用自己的話說明它和「手機計時」或「照片變化」有什麼關係？
> **先看哪裡**：不用背課本句子；說清楚這個概念能幫你看懂或處理什麼。
> **可以這樣開始**：我學到的＿＿是＿＿；它能幫我看懂／處理＿＿，因為＿＿。
> **② 行動應用**
> **問題**：為了判斷哪一份紀錄較能支持目前的結論，你會用哪一個相同條件比較兩份資料？請再用計時資料、照片變化、比較標準中的具體內容說明判斷理由。
> **先看哪裡**：把兩份資料放在同一條件下比較，理由要引用看得到的內容。
> **可以這樣開始**：我會用＿＿作為相同條件；照這個條件看，我判斷＿＿，因為資料中＿＿。
> **③ 生活遷移**
> **問題**：現在把同一個方法用到「食物保存與腐敗」的另一個生活情況。遇到「比較標準失效」時，你會調整哪個步驟？還要蒐集什麼結果或回饋，才能確認做法有效？
> **先看哪裡**：不要只換地點或人物；要寫出限制、調整的做法，以及確認結果的方法。
> **可以這樣開始**：在＿＿的生活情況中，如果遇到＿＿，我會把＿＿改成＿＿；之後用＿＿確認結果。
> （每題請用 1-2 句話回答。）
> **教師系統判讀建議**：
> **情境核對資料**：{"strategyId":"evidence_reason_revise","decisionTask":"判斷哪一份紀錄較能支持目前的結論","evidenceA":"手機計時","evidenceB":"照片變化","observationFocus":["計時資料","照片變化","比較標準"],"constraint":"比較標準失效"}
> - **萌芽 → 發展｜已跨界證據**：學生能引用兩邊具體資料，使用相同條件比較，並用資料細節支持判斷理由。
> - **萌芽 → 發展｜尚未跨界訊號**：學生只指出資料不同或直接選一邊，沒有共同條件，理由仍停留在個人感覺。
> - **發展 → 精熟｜已跨界證據**：學生能指出資料或方法限制，提出可行補證方式，把判斷移到新情境並獨立確認。
> - **發展 → 精熟｜尚未跨界訊號**：學生只重複原本比較方式，或雖提出補充方法，卻沒有說明如何確認與修正。
> **教師進程判定標準**：
> - **證據有限 (Evidence Limited)**：只提出結論，未引用可檢查的證據或理由。
>   - **學生可能回答**：「我覺得照片看起來比較清楚，所以直接用照片判斷。」
> - **萌芽 (Emerging)**：能引用一項紀錄，但沒有比較資料分歧與限制。
>   - **學生可能回答**：「我看到照片和時間紀錄不一樣，但還不確定應該相信哪一個。」
> - **發展 (Developing)**：能使用共同標準比較多項證據，選擇較可信的資料並說明理由。
>   - **學生可能回答**：「我會先用相同日期比較照片和時間紀錄，再選擇記錄方式較完整的資料。」
> - **精熟 (Mastering)**：能指出資料或工具限制，調整方法、遷移到新情境並提出替代驗證。
>   - **學生可能回答**：「如果照片缺漏，我會改用每日文字紀錄並找另一份資料交叉比對，確認結果不只受單一來源影響。」
> **教師概念理解註記**：
> - **概念正確**：能說明相同條件比較可以排除記錄方式差異，並連結到目前兩份資料。
> - **部分正確**：知道要比較資料，但沒有說清楚為何必須使用相同條件。
> - **有迷思**：認為照片一定比時間紀錄正確，忽略兩種資料都可能受記錄方式影響。
> **教師生活遷移註記**：
> - **尚未遷移**：只重述課堂的比較步驟，沒有連結食品保存情境中的新限制。
> - **開始遷移**：能把相同條件比較用到保存問題，但沒有處理比較標準失效或確認結果。
> - **能調整遷移**：能依比較標準失效調整資料蒐集方式，並用另一項紀錄確認新做法的結果。

**【統計規格與總分落點標準】**
Q1–Q3 加總後，低分代表證據有限，中低分代表萌芽，中高分代表發展，高分代表精熟；教師需搭配 Q4 的證據、理由、限制與遷移表現綜合判讀。"
`;
